[bitcoin360.ai/index.html]
[backblue.gif]
[fade.gif]
[index.html]
[bitcoin360.ai/wp-content/plugins/page-builder-sandwich/page_builder_sandwich/css/style.min0e7d.css]
[bitcoin360.ai/wp-content/cache/autoptimize/css/autoptimize_single_40e411521a20965fbf4b76c3a09214ab001e.css]
[bitcoin360.ai/wp-content/plugins/page-builder-sandwich/page_builder_sandwich/js/min/frontend-min0e7d.js]
[bitcoin360.ai/wp-includes/js/jquery/jquery.minf43b.js]
[bitcoin360.ai/wp-includes/js/jquery/jquery-migrate.min5589.js]
[bitcoin360.ai/wp-content/cache/autoptimize/js/autoptimize_single_3ee872e48dcaf769bdd8f58e58c4e7bc001e.js]
[bitcoin360.ai/nl/index.html]
[bitcoin360.ai/xmlrpc0db0.php]
[bitcoin360.ai/de/index.html]
[bitcoin360.ai/wp-content/uploads/2022/08/cropped-android-chrome-512x512-1-32x32.png]
[bitcoin360.ai/fi/index.html]
[bitcoin360.ai/da/index.html]
[bitcoin360.ai/wp-content/uploads/2022/08/cropped-android-chrome-512x512-1-192x192.png]
[bitcoin360.ai/wp-content/uploads/2022/08/cropped-android-chrome-512x512-1-180x180.png]
[bitcoin360.ai/fr/index.html]
[bitcoin360.ai/wp-content/uploads/2022/08/logo-bitcoin360-white-pq9t29iizrnjwm7w8ujmnn6h2g31hyysbbjsivepkw.png]
[bitcoin360.ai/wp-content/plugins/sitepress-multilingual-cms/res/flags/en.png]
[bitcoin360.ai/no/index.html]
[bitcoin360.ai/wp-content/plugins/sitepress-multilingual-cms/res/flags/tr.png]
[bitcoin360.ai/wp-content/plugins/sitepress-multilingual-cms/res/flags/sv.png]
[bitcoin360.ai/wp-content/plugins/sitepress-multilingual-cms/res/flags/pt-pt.png]
[bitcoin360.ai/pl/index.html]
[bitcoin360.ai/wp-content/plugins/sitepress-multilingual-cms/res/flags/pl.png]
[bitcoin360.ai/wp-content/plugins/sitepress-multilingual-cms/res/flags/no.png]
[bitcoin360.ai/wp-content/plugins/sitepress-multilingual-cms/res/flags/nl.png]
[bitcoin360.ai/wp-content/plugins/sitepress-multilingual-cms/res/flags/fr.png]
[bitcoin360.ai/wp-content/plugins/sitepress-multilingual-cms/res/flags/fi.png]
[bitcoin360.ai/pt-pt/index.html]
[bitcoin360.ai/wp-content/plugins/sitepress-multilingual-cms/res/flags/es.png]
[bitcoin360.ai/wp-content/plugins/sitepress-multilingual-cms/res/flags/de.png]
[bitcoin360.ai/wp-content/plugins/sitepress-multilingual-cms/res/flags/da.png]
[bitcoin360.ai/wp-content/themes/newofficial/assets/img/ajax-loader-table6654.gif]
[bitcoin360.ai/wp-content/themes/newofficial/assets/css/style.min.css]
[bitcoin360.ai/es/index.html]
[bitcoin360.ai/wp-content/cache/autoptimize/css/autoptimize_single_6b7fb2ee130535419a67afb198f41c2b.css]
[bitcoin360.ai/wp-content/themes/newofficial/assets/js/main.min.js]
[bitcoin360.ai/wp-content/cache/autoptimize/js/autoptimize_single_bb7d81b4a59365368250e7c66e81f5fd.js]
[bitcoin360.ai/wp-content/cache/autoptimize/js/autoptimize_single_e02166d695d714a9f9c46a12eaeef03d.js]
[bitcoin360.ai/sv/index.html]
[bitcoin360.ai/index.html]
[cdn.jsdelivr.net/npm/vanilla-lazyload@17.8.3/dist/lazyload.min.js]
[bitcoin360.ai/tr/index.html]
[bitcoin360.ai/wp-json/index.html]
[bitcoin360.ai/nl/index.html]
[bitcoin360.ai/privacy-policy/index.html]
[bitcoin360.ai/terms-conditions/index.html]
[pro.fontawesome.com/releases/v5.10.0/css/all.css]
[bitcoin360.ai/ok/index.html]
[bitcoin360.ai/de/index.html]
[bitcoin360.ai/nl/wp-json/index.html]
[bitcoin360.ai/nl/terms-conditions/index.html]
[bitcoin360.ai/nl/ok/index.html]
[bitcoin360.ai/da/index.html]
[bitcoin360.ai/nl/privacy-policy/index.html]
[bitcoin360.ai/de/wp-json/index.html]
[bitcoin360.ai/fi/index.html]
[bitcoin360.ai/de/terms-conditions/index.html]
[bitcoin360.ai/da/wp-json/index.html]
[bitcoin360.ai/fr/index.html]
[bitcoin360.ai/de/ok/index.html]
[bitcoin360.ai/de/privacy-policy/index.html]
[bitcoin360.ai/no/index.html]
[bitcoin360.ai/da/privacy-policy/index.html]
[bitcoin360.ai/da/terms-conditions/index.html]
[bitcoin360.ai/pl/index.html]
[bitcoin360.ai/fi/wp-json/index.html]
[bitcoin360.ai/fi/privacy-policy/index.html]
[bitcoin360.ai/pt-pt/index.html]
[bitcoin360.ai/fi/terms-conditions/index.html]
[bitcoin360.ai/fr/wp-json/index.html]
[bitcoin360.ai/es/index.html]
[bitcoin360.ai/fr/privacy-policy/index.html]
[bitcoin360.ai/fr/terms-conditions/index.html]
[bitcoin360.ai/sv/index.html]
[bitcoin360.ai/no/wp-json/index.html]
[bitcoin360.ai/no/privacy-policy/index.html]
[bitcoin360.ai/tr/index.html]
[bitcoin360.ai/no/terms-conditions/index.html]
[bitcoin360.ai/wp-content/plugins/page-builder-sandwich/page_builder_sandwich/css/style.min0e7d.css]
[bitcoin360.ai/pl/wp-json/index.html]
[bitcoin360.ai/wp-content/cache/autoptimize/css/autoptimize_single_40e411521a20965fbf4b76c3a09214ab001e.css]
[bitcoin360.ai/pl/privacy-policy/index.html]
[bitcoin360.ai/pl/terms-conditions/index.html]
[bitcoin360.ai/pt-pt/wp-json/index.html]
[bitcoin360.ai/pt-pt/privacy-policy/index.html]
[bitcoin360.ai/pt-pt/terms-conditions/index.html]
[bitcoin360.ai/wp-json/wp/v2/pages/329.json]
[bitcoin360.ai/es/privacy-policy/index.html]
[bitcoin360.ai/es/wp-json/index.html]
[bitcoin360.ai/es/terms-conditions/index.html]
[bitcoin360.ai/wp-json/oembed/1.0/embedbc8e.json]
[bitcoin360.ai/sv/wp-json/index.html]
[bitcoin360.ai/sv/privacy-policy/index.html]
[bitcoin360.ai/sv/terms-conditions/index.html]
[bitcoin360.ai/wp-json/oembed/1.0/embed4526]
[bitcoin360.ai/privacy-policy/index.html]
[bitcoin360.ai/tr/wp-json/index.html]
[bitcoin360.ai/tr/privacy-policy/index.html]
[bitcoin360.ai/tr/terms-conditions/index.html]
[bitcoin360.ai/wp-json/wp/v2/pages/336.json]
[bitcoin360.ai/wp-json/oembed/1.0/embed806e.json]
[bitcoin360.ai/terms-conditions/index.html]
[bitcoin360.ai/wp-json/oembed/1.0/embed5157]
[bitcoin360.ai/wp-json/wp/v2/pages/318.json]
[bitcoin360.ai/wp-json/oembed/1.0/embed66ef.json]
[bitcoin360.ai/ok/index.html]
[bitcoin360.ai/wp-content/themes/newofficial/assets/css/style.min.css]
[bitcoin360.ai/wp-json/oembed/1.0/embed9aa9]
[bitcoin360.ai/wp-content/themes/newofficial/assets/img/flags.png]
[bitcoin360.ai/wp-content/cache/autoptimize/css/autoptimize_single_6b7fb2ee130535419a67afb198f41c2b.css]
[pro.fontawesome.com/releases/v5.10.0/css/all.css]
[bitcoin360.ai/nl/wp-json/wp/v2/pages/331.json]
[bitcoin360.ai/nl/wp-json/oembed/1.0/embed7196.json]
[bitcoin360.ai/nl/wp-json/oembed/1.0/embed27d6]
[bitcoin360.ai/nl/privacy-policy/index.html]
[bitcoin360.ai/nl/wp-json/wp/v2/pages/338.json]
[bitcoin360.ai/nl/wp-json/oembed/1.0/embedc063.json]
[bitcoin360.ai/nl/wp-json/oembed/1.0/embed4b2c]
[bitcoin360.ai/nl/terms-conditions/index.html]
[bitcoin360.ai/nl/wp-json/wp/v2/pages/320.json]
[bitcoin360.ai/nl/wp-json/oembed/1.0/embed963a.json]
[bitcoin360.ai/nl/wp-json/oembed/1.0/embeddb10]
[bitcoin360.ai/nl/ok/index.html]
[bitcoin360.ai/de/wp-json/wp/v2/pages/332.json]
[bitcoin360.ai/de/wp-json/oembed/1.0/embed2105.json]
[bitcoin360.ai/de/wp-json/oembed/1.0/embed32f4]
[bitcoin360.ai/de/privacy-policy/index.html]
[bitcoin360.ai/de/wp-json/wp/v2/pages/339.json]
[bitcoin360.ai/de/wp-json/oembed/1.0/embed1cf3.json]
[bitcoin360.ai/de/wp-json/oembed/1.0/embed9b3e]
[bitcoin360.ai/de/terms-conditions/index.html]
[bitcoin360.ai/de/wp-json/wp/v2/pages/321.json]
[bitcoin360.ai/de/wp-json/oembed/1.0/embedd56b.json]
[bitcoin360.ai/de/wp-json/oembed/1.0/embedcacf]
[bitcoin360.ai/de/ok/index.html]
[bitcoin360.ai/da/wp-json/wp/v2/pages/423.json]
[bitcoin360.ai/da/wp-json/oembed/1.0/embed3048.json]
[bitcoin360.ai/da/wp-json/oembed/1.0/embedcc34]
[bitcoin360.ai/da/privacy-policy/index.html]
[bitcoin360.ai/da/wp-json/wp/v2/pages/416.json]
[bitcoin360.ai/da/wp-json/oembed/1.0/embed0c5f.json]
[bitcoin360.ai/da/wp-json/oembed/1.0/embed08d4]
[bitcoin360.ai/da/terms-conditions/index.html]
[bitcoin360.ai/fi/wp-json/wp/v2/pages/424.json]
[bitcoin360.ai/fi/wp-json/oembed/1.0/embed4a68.json]
[bitcoin360.ai/fi/wp-json/oembed/1.0/embed57b4]
[bitcoin360.ai/fi/privacy-policy/index.html]
[bitcoin360.ai/fi/wp-json/wp/v2/pages/417.json]
[bitcoin360.ai/fi/wp-json/oembed/1.0/embedc82a.json]
[bitcoin360.ai/fi/wp-json/oembed/1.0/embed33f4]
[bitcoin360.ai/fi/terms-conditions/index.html]
[bitcoin360.ai/fr/wp-json/wp/v2/pages/425.json]
[bitcoin360.ai/fr/wp-json/oembed/1.0/embed1669.json]
[bitcoin360.ai/fr/wp-json/oembed/1.0/embeda1f4]
[bitcoin360.ai/fr/privacy-policy/index.html]
[bitcoin360.ai/fr/wp-json/wp/v2/pages/418.json]
[bitcoin360.ai/fr/wp-json/oembed/1.0/embed6d0a.json]
[bitcoin360.ai/fr/wp-json/oembed/1.0/embed391a]
[bitcoin360.ai/fr/terms-conditions/index.html]
[bitcoin360.ai/no/wp-json/wp/v2/pages/430.json]
[bitcoin360.ai/no/wp-json/oembed/1.0/embedbe56.json]
[bitcoin360.ai/no/wp-json/oembed/1.0/embed995c]
[bitcoin360.ai/no/privacy-policy/index.html]
[bitcoin360.ai/no/wp-json/wp/v2/pages/432.json]
[bitcoin360.ai/no/wp-json/oembed/1.0/embedb483.json]
[bitcoin360.ai/no/wp-json/oembed/1.0/embed7dac]
[bitcoin360.ai/no/terms-conditions/index.html]
[bitcoin360.ai/pl/wp-json/wp/v2/pages/426.json]
[bitcoin360.ai/pl/wp-json/oembed/1.0/embede8d6.json]
[bitcoin360.ai/pl/wp-json/oembed/1.0/embed5bcf]
[bitcoin360.ai/pl/privacy-policy/index.html]
[bitcoin360.ai/pl/wp-json/wp/v2/pages/419.json]
[bitcoin360.ai/pl/wp-json/oembed/1.0/embedf171.json]
[bitcoin360.ai/pl/wp-json/oembed/1.0/embedd2bd]
[bitcoin360.ai/pl/terms-conditions/index.html]
[bitcoin360.ai/pt-pt/wp-json/wp/v2/pages/427.json]
[bitcoin360.ai/pt-pt/wp-json/oembed/1.0/embeda6e9.json]
[bitcoin360.ai/pt-pt/wp-json/oembed/1.0/embed44bc]
[bitcoin360.ai/pt-pt/privacy-policy/index.html]
[bitcoin360.ai/pt-pt/wp-json/wp/v2/pages/420.json]
[bitcoin360.ai/pt-pt/wp-json/oembed/1.0/embed9c9a.json]
[bitcoin360.ai/pt-pt/wp-json/oembed/1.0/embed6b53]
[bitcoin360.ai/pt-pt/terms-conditions/index.html]
[bitcoin360.ai/es/wp-json/wp/v2/pages/428.json]
[bitcoin360.ai/es/wp-json/oembed/1.0/embedd263.json]
[bitcoin360.ai/es/wp-json/oembed/1.0/embed73f7]
[bitcoin360.ai/es/privacy-policy/index.html]
[bitcoin360.ai/es/wp-json/wp/v2/pages/421.json]
[bitcoin360.ai/es/wp-json/oembed/1.0/embed1519.json]
[bitcoin360.ai/es/wp-json/oembed/1.0/embede3c9]
[bitcoin360.ai/es/terms-conditions/index.html]
[bitcoin360.ai/sv/wp-json/wp/v2/pages/429.json]
[bitcoin360.ai/sv/wp-json/oembed/1.0/embed5ad9.json]
[bitcoin360.ai/sv/wp-json/oembed/1.0/embed7e3a]
[bitcoin360.ai/sv/privacy-policy/index.html]
[bitcoin360.ai/sv/wp-json/wp/v2/pages/422.json]
[bitcoin360.ai/sv/wp-json/oembed/1.0/embed886c.json]
[bitcoin360.ai/sv/wp-json/oembed/1.0/embed51aa]
[bitcoin360.ai/sv/terms-conditions/index.html]
[bitcoin360.ai/tr/wp-json/wp/v2/pages/431.json]
[bitcoin360.ai/tr/wp-json/oembed/1.0/embed25cd.json]
[bitcoin360.ai/tr/wp-json/oembed/1.0/embedab64]
[bitcoin360.ai/tr/privacy-policy/index.html]
[bitcoin360.ai/tr/wp-json/wp/v2/pages/433.json]
[bitcoin360.ai/tr/wp-json/oembed/1.0/embed151d.json]
[bitcoin360.ai/tr/wp-json/oembed/1.0/embed55c9]
[bitcoin360.ai/tr/terms-conditions/index.html]
